[bchiang7.github.io/v2/index.html]
[backblue.gif]
[fade.gif]
[index.html]
[brittanychiang.com/v2/img/logo-black.1.delayed]
[brittanychiang.com/v2/img/og.jpg]
[cdnjs.cloudflare.com/ajax/libs/normalize/4.2.0/normalize.min.css]
[bchiang7.github.io/v2/css/main.css]
[bchiang7.github.io/v2/img/logo-white.png]
[bchiang7.github.io/v2/img/headshot.jpg]
[bchiang7.github.io/v2/img/icons/sketch.png]
[bchiang7.github.io/v2/img/icons/adobe-photoshop.png]
[bchiang7.github.io/v2/img/icons/adobe-indesign.png]
[bchiang7.github.io/v2/img/icons/adobe-illustrator.png]
[bchiang7.github.io/v2/img/icons/invision.png]
[bchiang7.github.io/v2/img/icons/checkmark.svg]
[bchiang7.github.io/v2/img/icons/download.png]
[bchiang7.github.io/v2/img/portfolio/crowddj/crowddj.jpg]
[bchiang7.github.io/v2/img/portfolio/crowddj/crowddj-tablet.jpg]
[bchiang7.github.io/v2/img/portfolio/crowddj/crowddj-mobile.jpg]
[bchiang7.github.io/v2/img/portfolio/screentime/screentime-1.jpg]
[bchiang7.github.io/v2/img/portfolio/screentime/screentime-2.jpg]
[bchiang7.github.io/v2/img/portfolio/screentime/screentime-3.jpg]
[bchiang7.github.io/v2/img/portfolio/screentime/screentime-4.jpg]
[bchiang7.github.io/v2/img/portfolio/resume/resume.jpg]
[bchiang7.github.io/v2/img/portfolio/resume/resume-tablet.jpg]
[bchiang7.github.io/v2/img/portfolio/resume/resume-mobile.jpg]
[bchiang7.github.io/v2/img/portfolio/websitev1/websitev1.jpg]
[bchiang7.github.io/v2/img/portfolio/websitev1/websitev1-tablet.jpg]
[bchiang7.github.io/v2/img/portfolio/websitev1/websitev1-mobile.jpg]
[bchiang7.github.io/v2/img/portfolio/coursesource/coursesource.jpg]
[bchiang7.github.io/v2/img/portfolio/coursesource/coursesource-tablet.jpg]
[bchiang7.github.io/v2/img/portfolio/coursesource/coursesource-mobile.jpg]
[bchiang7.github.io/v2/img/portfolio/nuwit/nuwit.jpg]
[bchiang7.github.io/v2/img/portfolio/nuwit/nuwit-tablet.jpg]
[bchiang7.github.io/v2/img/portfolio/nuwit/nuwit-mobile.jpg]
[bchiang7.github.io/v2/img/portfolio/fontipsums/fontipsums.jpg]
[bchiang7.github.io/v2/img/portfolio/fontipsums/fontipsums-tablet.jpg]
[bchiang7.github.io/v2/img/portfolio/fontipsums/fontipsums-mobile.jpg]
[bchiang7.github.io/v2/img/portfolio/onecard/onecard.jpg]
[bchiang7.github.io/v2/img/portfolio/onecard/onecard-tablet.jpg]
[bchiang7.github.io/v2/img/portfolio/onecard/onecard-mobile.jpg]
[bchiang7.github.io/v2/img/portfolio/humankinda/humankinda.jpg]
[bchiang7.github.io/v2/img/portfolio/humankinda/humankinda-tablet.jpg]
[bchiang7.github.io/v2/img/portfolio/humankinda/humankinda-mobile.jpg]
[bchiang7.github.io/v2/img/icons/github.svg]
[bchiang7.github.io/v2/img/icons/email.svg]
[bchiang7.github.io/v2/img/icons/twitter.svg]
[bchiang7.github.io/v2/img/icons/instagram.svg]
[bchiang7.github.io/v2/img/icons/codepen.svg]
[bchiang7.github.io/v2/img/icons/linkedin.svg]
[cdnjs.cloudflare.com/ajax/libs/jquery/2.1.3/jquery.min.js]
[cdnjs.cloudflare.com/ajax/libs/skrollr/0.6.30/skrollr.min.js]
[bchiang7.github.io/v2/js/main.js]
[www.google-analytics.com/analytics.js]
[bchiang7.github.io/v2/index.html]
[brittanychiang.com/v2/img/404]
[brittanychiang.com/v2/img/404-2]
[cdnjs.cloudflare.com/ajax/libs/normalize/4.2.0/normalize.min.css]
[bchiang7.github.io/v2/fonts/chronicle-display/ChronicleDisplay-Bold.eot]
[bchiang7.github.io/v2/fonts/chronicle-display/ChronicleDisplay-Boldd41d.eot]
[bchiang7.github.io/v2/fonts/chronicle-display/ChronicleDisplay-Bold.woff2]
[bchiang7.github.io/v2/fonts/chronicle-display/ChronicleDisplay-Bold.woff]
[bchiang7.github.io/v2/fonts/chronicle-display/ChronicleDisplay-Bold.ttf]
[bchiang7.github.io/v2/fonts/chronicle-display/ChronicleDisplay-Bold.svg]
[bchiang7.github.io/v2/fonts/whitney/whitney-book.woff2]
[bchiang7.github.io/v2/fonts/whitney/whitney-book.woff]
[bchiang7.github.io/v2/fonts/whitney/whitney-book.ttf]
[bchiang7.github.io/v2/fonts/whitney/whitney-bookitalic.woff2]
[bchiang7.github.io/v2/fonts/whitney/whitney-bookitalic.woff]
[bchiang7.github.io/v2/fonts/whitney/whitney-bookitalic.ttf]
[bchiang7.github.io/v2/fonts/whitney/whitney-medium.woff2]
[bchiang7.github.io/v2/fonts/whitney/whitney-medium.woff]
[bchiang7.github.io/v2/fonts/whitney/whitney-medium.ttf]
[bchiang7.github.io/v2/fonts/whitney/whitney-mediumitalic.woff2]
[bchiang7.github.io/v2/fonts/whitney/whitney-mediumitalic.woff]
[bchiang7.github.io/v2/fonts/whitney/whitney-mediumitalic.ttf]
[bchiang7.github.io/v2/fonts/whitney/whitney-bold.woff2]
[bchiang7.github.io/v2/fonts/whitney/whitney-bold.woff]
[bchiang7.github.io/v2/fonts/whitney/whitney-bold.ttf]
[bchiang7.github.io/v2/fonts/gotham/Gotham-Book.eot]
[bchiang7.github.io/v2/fonts/gotham/Gotham-Bookd41d.eot]
[bchiang7.github.io/v2/fonts/gotham/Gotham-Book.woff2]
[bchiang7.github.io/v2/fonts/gotham/Gotham-Book.woff]
[bchiang7.github.io/v2/fonts/gotham/Gotham-Book.ttf]
[bchiang7.github.io/v2/fonts/gotham/Gotham-Book.svg]
[bchiang7.github.io/v2/fonts/gotham/Gotham-Medium.eot]
[bchiang7.github.io/v2/fonts/gotham/Gotham-Mediumd41d.eot]
[bchiang7.github.io/v2/fonts/gotham/Gotham-Medium.woff2]
[bchiang7.github.io/v2/fonts/gotham/Gotham-Medium.woff]
[bchiang7.github.io/v2/fonts/gotham/Gotham-Medium.ttf]
[bchiang7.github.io/v2/fonts/gotham/Gotham-Medium.svg]
[bchiang7.github.io/v2/fonts/gotham/Gotham-Bold.eot]
[bchiang7.github.io/v2/fonts/gotham/Gotham-Boldd41d.eot]
[bchiang7.github.io/v2/fonts/gotham/Gotham-Bold.woff2]
[bchiang7.github.io/v2/fonts/gotham/Gotham-Bold.woff]
[bchiang7.github.io/v2/fonts/gotham/Gotham-Bold.ttf]
[bchiang7.github.io/v2/fonts/gotham/Gotham-Bold.svg]
[bchiang7.github.io/v2/img/bg-intro/intro-xl.jpg]
[bchiang7.github.io/v2/img/bg-intro/intro-lg.jpg]
[bchiang7.github.io/v2/img/bg-intro/intro-md.jpg]
[bchiang7.github.io/v2/img/bg-intro/intro-sm.jpg]
[bchiang7.github.io/v2/img/bg-intro/intro-xs.jpg]
[bchiang7.github.io/v2/img/bg-services/services-xl.jpg]
[bchiang7.github.io/v2/img/bg-services/services-lg.jpg]
[bchiang7.github.io/v2/img/bg-services/services-md.jpg]
[bchiang7.github.io/v2/img/bg-services/services-sm.jpg]
[bchiang7.github.io/v2/img/bg-services/services-xs.jpg]
[bchiang7.github.io/v2/img/bg-experience/experience-xl.jpg]
[bchiang7.github.io/v2/img/bg-experience/experience-lg.jpg]
[bchiang7.github.io/v2/img/bg-experience/experience-md.jpg]
[bchiang7.github.io/v2/img/bg-experience/experience-sm.jpg]
[bchiang7.github.io/v2/img/bg-experience/experience-xs.jpg]
[bchiang7.github.io/v2/img/bg-contact/contact-xl.jpg]
[bchiang7.github.io/v2/img/bg-contact/contact-lg.jpg]
[bchiang7.github.io/v2/img/bg-contact/contact-md.jpg]
[bchiang7.github.io/v2/img/bg-contact/contact-sm.jpg]
[bchiang7.github.io/v2/img/bg-contact/contact-xs.jpg]
[bchiang7.github.io/v2/img/icons/html.png]
[bchiang7.github.io/v2/img/icons/pencil.png]
[bchiang7.github.io/v2/img/icons/ux-design.png]
[bchiang7.github.io/v2/img/icons/internet.png]
[bchiang7.github.io/v2/img/icons/settings.png]
[bchiang7.github.io/v2/img/icons/design.png]
[bchiang7.github.io/v2/img/icons/repair-tools.png]
[bchiang7.github.io/v2/img/icons/light-bulb.png]
[bchiang7.github.io/v2/img/icons/graduate-cap.png]
[bchiang7.github.io/v2/img/icons/search.png]
[bchiang7.github.io/v2/img/icons/briefcase.png]
[bchiang7.github.io/v2/img/icons/notebook.png]
[brittanychiang.com/img/404-bg.7d.delayed]
[bchiang7.github.io/v2/css/main.css]
[bchiang7.github.io/v2/img/icons/checkmark.svg]
[bchiang7.github.io/v2/img/icons/github.svg]
[bchiang7.github.io/v2/img/icons/email.svg]
[bchiang7.github.io/v2/img/icons/twitter.svg]
[bchiang7.github.io/v2/img/icons/instagram.svg]
[bchiang7.github.io/v2/img/icons/codepen.svg]
[bchiang7.github.io/v2/img/icons/linkedin.svg]
[bchiang7.github.io/v2/fonts/chronicle-display/ChronicleDisplay-Bold.svg]
[bchiang7.github.io/v2/fonts/gotham/Gotham-Book.svg]
[bchiang7.github.io/v2/fonts/gotham/Gotham-Medium.svg]
[bchiang7.github.io/v2/fonts/gotham/Gotham-Bold.svg]
[brittanychiang.com/img/404]
